15300-diet-pills-great-price.info
180-diet-pills-prescription-great-price.info
2004-tax-software-advisor.info
24-hour-diet-pills-great-price.info
2nd-loan-mortgage-advisor.info
375-mg-phentermine-pharmacy-2003.info
375-phentermine-90-pills-pharmacy-2003.info
375-phentermine-pharmacy-2003.info
abc-online-mortgage-4u.info
about-zylodrine-diet-pills-great-price.info
absolut-vodka-cellar.info
absolute-vodka-cellar.info
accept-card-credit-e-site.info
accept-credit-cards-e-site.info
accounts-receivable-financing-advisor.info
accupril-online-pharmacy.info
accupril-pharmacy.info
aciphex-online-pharmacy.info
aciphex-pharmacy.info
acne-medication-online-pharmacy.info
acne-medication-pharmacy.info
acne-prescription-online-pharmacy.info
acne-prescription-pharmacy.info
acne-prevention-online-pharmacy.info
acne-prevention-pharmacy.info
acne-product-online-pharmacy.info
acne-product-pharmacy.info
acne-remedy-online-pharmacy.info
acne-remedy-pharmacy.info
acne-scar-treatment-online-pharmacy.info
acne-scar-treatment-pharmacy.info
acne-skin-care-online-pharmacy.info
acne-skin-care-pharmacy.info
acne-solution-online-pharmacy.info
acne-solution-pharmacy.info
actonel-online-pharmacy.info
actonel-pharmacy.info
actos-online-pharmacy.info
actos-pharmacy.info
acyclovir-online-pharmacy.info
acyclovir-pharmacy.info
adalat-online-pharmacy.info
adalat-pharmacy.info
adapex-diet-pills-great-price.info
addiction-phentermine-symptoms-pharmacy-2003.info
adepex-adipex-phentermine-side-effects-pharmacy-2003.info
adipex-and-phentermine-weight-loss-results-pharmacy-2003.info
adipex-cheapest-cheap-phentermine-pharmacy-2003.info
adipex-diet-pills-great-price.info
adipex-online-order-top-pharmacy.net
adipex-online-top-pharmacy.net
adipex-oprder-top-pharmacy.net
adipex-p-top-pharmacy.net
adipex-phentermine-pharmacy-2003.info
adipex-top-pharmacy.net
adjustable-mortgage-rate-4u.info
adult-dvd-rental-top-shop.info
adult-dvd-top-shop.info
adult-dvds-top-shop.info
adult-personal-ads-e-site.info
advair-online-pharmacy.info
advair-pharmacy.info
advance-cash-loan-e-site.info
advantages-of-diet-pills-great-price.info
advice-123.info
advice-2003.info
advice-2004.info
advice-21.info
advice-4u.info
advice-4you.info
advice-777.info
advice-debt-advisor.info
advice-finance-personal-e-site.info
affordable-health-insurancedeals-4u.info
age-laws-on-diet-pills-great-price.info
air-travel-e-site.info
alesse-online-pharmacy.info
alesse-pharmacy.info
all-brands-deals.info
all-natural-diet-pills-great-price.info
allegra-top-pharmacy.net
allergy-medication-online-pharmacy.info
allergy-medication-pharmacy.info
allergy-medicine-online-pharmacy.info
allergy-medicine-pharmacy.info
allergy-product-online-pharmacy.info
allergy-product-pharmacy.info
allergy-relief-online-pharmacy.info
allergy-relief-pharmacy.info
allergy-treatment-online-pharmacy.info
allergy-treatment-pharmacy.info
allopurinol-online-pharmacy.info
allopurinol-pharmacy.info
alprazolam-top-pharmacy.net
altace-online-pharmacy.info
altace-pharmacy.info
am-300-diet-pills-great-price.info
am-5000-diet-pills-great-price.info
amaryl-online-pharmacy.info
amaryl-pharmacy.info
ambien-online-top-pharmacy.net
ambien-top-pharmacy.net
america-credit-first-union-e-site.info
american-fast-4u.info
american-fast-canada-4u.info
american-fast-card-4u.info
american-fast-credit-card-4u.info
american-fast-financial-advisor-4u.info
american-fast-online-4u.info
american-general-finance-advisor.info
american-home-mortgage-advisor.info
american-honda-finance-advisor.info
american-singles-e-site.info
amortization-mortgage-advisor.info
amoxicillin-online-pharmacy.info
amoxicillin-pharmacy.info
amoxil-online-pharmacy.info
amoxil-pharmacy.info
amphetamine-diet-pills-great-price.info
analgesic-online-pharmacy.info
analgesic-pharmacy.info
analize-debt-advisor.info
ansar-u-deen.org
anti-anxiety-medication-online-pharmacy.info
anti-anxiety-medication-pharmacy.info
anti-depressant-online-pharmacy.info
anti-depressant-pharmacy.info
anti-wrinkle-cream-online-pharmacy.info
anti-wrinkle-cream-pharmacy.info
anti-wrinkle-online-pharmacy.info
anti-wrinkle-pharmacy.info
antibiotic-online-pharmacy.info
antibiotic-pharmacy.info
antidepressant-medication-online-pharmacy.info
antidepressant-medication-pharmacy.info
antidepressant-online-pharmacy.info
antidepressant-pharmacy.info
anxiety-disorder-medication-online-pharmacy.info
anxiety-disorder-medication-pharmacy.info
anxiety-disorder-treatment-online-pharmacy.info
anxiety-disorder-treatment-pharmacy.info
anxiety-medication-online-pharmacy.info
anxiety-medication-pharmacy.info
anxiety-treatment-online-pharmacy.info
anxiety-treatment-pharmacy.info
apecceosummit2003.com
appetite-suppressant-phentermine-pharmacy-2003.info
application-card-credit-4u.info
apply-card-credit-4u.info
apply-card-credit-online-4u.info
apply-credit-card-4u.info
apply-credit-online-e-site.info
apply-for-credit-card-4u.info
approval-card-credit-online-4u.info
approved-medications-phentermine-pharmacy-2003.info
apr-card-credit-low-4u.info
arcadia-finance-advisor.info
are-diet-pills-safe-great-price.info
arthritis-cure-online-pharmacy.info
arthritis-cure-pharmacy.info
arthritis-medication-online-pharmacy.info
arthritis-medication-pharmacy.info
arthritis-relief-online-pharmacy.info
arthritis-relief-pharmacy.info
arthritis-treatment-online-pharmacy.info
arthritis-treatment-pharmacy.info
as-seen-on-tv-diet-pills-great-price.info
asset-based-financing-advisor.info
assumable-mortgage-advisor.info
asthma-medication-online-pharmacy.info
asthma-medication-pharmacy.info
asthma-treatment-online-pharmacy.info
asthma-treatment-pharmacy.info
atenolol-online-pharmacy.info
atenolol-pharmacy.info
athletic-shoes-e-shop.info
ativan-online-pharmacy.info
ativan-pharmacy.info
atlanta2000.org
auction-e-site.info
auction-emall-site.info
auctions-online-emall-site.info
auctions-site.info
australia-online-travel.com
auto-bad-credit-loan-4u.info
auto-calculator-loan-e-site.info
auto-finance-advisor.info
auto-financing-advisor.info
auto-financing-calculator-advisor.info
auto-insurance-quotedeals-4u.info
auto-insurance-quotesdeals-4u.info
auto-insurancedeals-4u.info
auto-loan-advisor.info
auto-loan-calculator-advisor.info
auto-loan-online-4u.info
auto-loan-refinance-e-site.info
auto-loan-used-4u.info
auto-loans-advisor.info
auto-refinance-advisor.info
auto-refinancing-advisor.info
automotive-chase-finance-advisor.info
avandia-online-pharmacy.info
avandia-pharmacy.info
avapro-online-pharmacy.info
avapro-pharmacy.info
azian.org
back-pain-relief-online-pharmacy.info
back-pain-relief-pharmacy.info
bad-california-credit-mortgage-advisor.info
bad-car-credit-loan-4u.info
bad-card-credit-4u.info
bad-card-credit-credit-4u.info
bad-card-credit-credit-people-advisor.info
bad-consolidation-credit-debt-e-site.info
bad-credit-4u.info
bad-credit-auto-loans-advisor.info
bad-credit-car-loans-advisor.info
bad-credit-credit-card-advisor.info
bad-credit-credit-cards-advisor.info
bad-credit-loan-4u.info
bad-credit-loan-mortgage-e-site.info
bad-credit-loan-people-advisor.info
bad-credit-loan-people-personal-advisor.info
bad-credit-loan-personal-4u.info
bad-credit-loan-student-advisor.info
bad-credit-loan-unsecured-advisor.info
bad-credit-loans-4u.info
bad-credit-mortgage-e-site.info
bad-credit-mortgage-loans-advisor.info
bad-credit-mortgages-e-site.info
bad-credit-motorcycle-financing-advisor.info
bad-credit-personal-loan-advisor.info
bad-credit-personal-loans-advisor.info
bad-credit-student-loans-advisor.info
bad-phentermine-pharmacy-2003.info
bangkok-diet-pills-great-price.info
bank-card-credit-e-site.info
bank-loan-e-site.info
bank-of-americans-card-4u.info
banker-mortgage-advisor.info
banking-bank-4u.info
banking-mortgage-4u.info
bargin-prices-on-phentermine-diet-pills-great-price.info
beauty-prescription-diet-pills-great-price.info
beer-cellar.info
belly-diet-pills-great-price.info
benefits-of-diet-pills-great-price.info
berwickfoundation.org
best-buy-site-2000.info
best-buy-site-2001.info
best-buy-site-2002.info
best-buy-site-2003.info
best-buy-site-2004.info
best-buy-site-24x7.info
best-buy-site-4you.info
best-buy-site-drugstore.info
best-buy-site-medication.info
best-buy-site-pharmacy.info
best-buy-site-pills.info
best-buy-site-prescription.info
best-buy-site.info
best-card-credit-4u.info
best-credit-cards-advisor.info
best-deal-site-2000.info
best-deal-site-2001.info
best-deal-site-2002.info
best-deal-site-2003.info
best-deal-site-2004.info
best-deal-site-24x7.info
best-deal-site-4u.info
best-deal-site-4you.info
best-deal-site-drugstore.info
best-deal-site-medication.info
best-deal-site-pharmacy.info
best-deal-site-prescription.info
best-deal-site.info
best-deals-cheap-airline-tickets.info
best-deals-diet-pills.info
best-deals-diet.info
best-deals-flowers.info
best-deals-hotels.info
best-deals-levitra.info
best-deals-online-2000.info
best-deals-online-2001.info
best-deals-online-2002.info
best-deals-online-2003.info
best-deals-online-2004.info
best-deals-online-24x7.info
best-deals-online-4u.info
best-deals-online-4you.info
best-deals-online-drugstore.info
best-deals-online-medication.info
best-deals-online-pharmacy.info
best-deals-online-pills.info
best-deals-online-prescription.info
best-deals-online.info
best-deals-phentermine.com
best-deals-tramadol.info
best-deals-weight-loss.info
best-digital-camera-esite.info
best-e-site.info
best-emall-site.info
best-minute-e-site.info
best-mortgage-rate-4u.info
best-online-deals-2000.info
best-online-deals-2001.info
best-online-deals-2002.info
best-online-deals-2003.info
best-online-deals-2004.info
best-online-deals-24x7.info
best-online-deals-4u.info
best-online-deals-4you.info
best-online-deals-drugstore.info
best-online-deals-medication.info
best-online-deals-pharmacy.info
best-online-deals-pills.info
best-online-deals-prescription.info
best-online-deals.info
best-online-shop-2000.info
best-online-shop-2001.info
best-online-shop-2002.info
best-online-shop-2003.info
best-online-shop-2004.info
best-online-shop-24x7.info
best-online-shop-4u.info
best-online-shop-4you.info
best-online-shop-drugstore.info
best-online-shop-medication.info
best-online-shop-pharmacy.info
best-online-shop-pills.info
best-online-shop-prescription.info
best-online-shop.info
best-online-shopping-site-2000.info
best-online-shopping-site-2001.info
best-online-shopping-site-2002.info
best-online-shopping-site-2003.info
best-online-shopping-site-2004.info
best-online-shopping-site-24x7.info
best-online-shopping-site-4u.info
best-online-shopping-site-4you.info
best-online-shopping-site-drugstore.info
best-online-shopping-site-medication.info
best-online-shopping-site-pharmacy.info
best-online-shopping-site-pills.info
best-online-shopping-site-prescription.info
best-online-shopping-site.info
best-over-the-counter-diet-pills-great-price.info
best-prescription-diet-pills-great-price.info
best-price-phentermine-pharmacy-2003.info
best-price-viagra-online-pharmacy.info
best-price-viagra-pharmacy.info
best-prices-diet-pills-great-price.info
best-shopping-site-2000.info
best-shopping-site-2001.info
best-shopping-site-2002.info
best-shopping-site-2003.info
best-shopping-site-2004.info
best-shopping-site-24x7.info
best-shopping-site-4u.info
best-shopping-site-4you.info
best-shopping-site-drugstore.info
best-shopping-site-medication.info
best-shopping-site-pharmacy.info
best-shopping-site-pills.info
best-shopping-site-prescription.info
best-shopping-site.info
best-watches-deals.info
bestbuys-online-24x7.net
bestbuys-online.net
bestbuys-win.com
bestbuys-winner.com
bestdeals-winner.com
bestdeals-winner.net
bestgames-winner.com
bestgames-winner.net
bestonline-medication.com
bestonline-medication.net
bestonline-shopping.com
bestonline-site.com
bextra-online-pharmacy.info
bextra-pharmacy.info
bi-weekly-mortgage-advisor.info
biaxin-online-pharmacy.info
biaxin-pharmacy.info
biaxin-xl-online-pharmacy.info
biaxin-xl-pharmacy.info
birth-control-pill-cost-online-pharmacy.info
birth-control-pill-cost-pharmacy.info
birth-control-pill-online-pharmacy.info
birth-control-pill-pharmacy.info
birth-control-pill-top-pharmacy.net
birth-control-pills-online-pharmacy.info
birth-control-pills-pharmacy.info
black-diet-pills-banned-great-price.info
black-jack-4u.net
blackjack-123.com
blackjack-4u.net
blackjack-777.net
blackjack-winner.net
blackjack777.net
blackjacksite.net
bladder-control-online-pharmacy.info
bladder-control-pharmacy.info
blood-pressure-medication-online-pharmacy.info
blood-pressure-medication-pharmacy.info
blood-pressure-medicine-online-pharmacy.info
blood-pressure-medicine-pharmacy.info
bnetsol.com
boat-financing-advisor.info
boat-loans-advisor.info
bontril-online-pharmacy.info
bontril-pharmacy.info
bontril-prescription-online-pharmacy.info
bontril-prescription-pharmacy.info
brand-phentermine-adipex-diet-pills-great-price.info
brands-esite.info
brands-of-diet-pills-great-price.info
brazilian-diet-pills-great-price.info
bridge-loans-advisor.info
bridging-finance-advisor.info
broker-mortgage-4u.info
bupropion-online-pharmacy.info
bupropion-pharmacy.info
bureau-credit-4u.info
business-card-credit-e-site.info
business-credit-cards-advisor.info
business-finance-e-site.info
business-financing-small-advisor.info
business-loan-e-site.info
business-loan-small-e-site.info
business-loans-advisor.info
business-to-business-finance-advisor.info
buspar-top-pharmacy.net
buspirone-online-pharmacy.info
buspirone-pharmacy.info
butalbital-online-pharmacy.info
butalbital-pharmacy.info
buy-2005-top.com
buy-2005.com
buy-adipex-online-top-pharmacy.net
buy-adipex-top-pharmacy.net
buy-ambien-online-top-pharmacy.net
buy-ambien-top-pharmacy.net
buy-amoxicillin-online-pharmacy.info
buy-amoxicillin-pharmacy.info
buy-and-sell-emall-site.info
buy-antibiotic-online-pharmacy.info
buy-antibiotic-pharmacy.info
buy-birth-control-pill-online-pharmacy.info
buy-birth-control-pill-pharmacy.info
buy-birth-control-pills-online-pharmacy.info
buy-birth-control-pills-pharmacy.info
buy-bontril-online-online-pharmacy.info
buy-bontril-online-pharmacy.info
buy-bontril-pharmacy.info
buy-celebrex-top-pharmacy.net
buy-celexa-online-pharmacy.info
buy-celexa-pharmacy.info
buy-cheap-diet-pills-online-great-price.info
buy-cheap-phentermine-diet-pills-great-price.info
buy-cheap-phentermine-free-fedex-pharmacy-2003.info
buy-cheap-phentermine-online-pharmacy-2003.info
buy-cheap-phentermine-online-pharmacy-pharmacy-2003.info
buy-cheap-phentermine-pa-based-pharmacy-pharmacy-2003.info
buy-cheap-phentermine-pharmacy-2003.info
buy-cheap-phentrermine-diet-pills-pharmacy-2003.info
buy-cheap-viagra-online-online-pharmacy.info
buy-cheap-viagra-online-pharmacy.info
buy-cheap-viagra-pharmacy.info
buy-cheapest-diet-pills-online-great-price.info
buy-cheapest-phentermine-pharmacy-2003.info
buy-clonazepam-online-pharmacy.info
buy-clonazepam-pharmacy.info
buy-didrex-diet-pills-great-price.info
buy-diet-pills-cod-great-price.info
buy-diet-pills-great-price.info
buy-diet-pills-in-the-uk-great-price.info
buy-diet-pills-online-great-price.info
buy-diet-pills-with-ephedrine-great-price.info
buy-discount-diet-pills-great-price.info
buy-drug-online-online-pharmacy.info
buy-drug-online-pharmacy.info
buy-effexor-online-pharmacy.info
buy-effexor-pharmacy.info
buy-ephedrine-diet-pills-great-price.info
buy-fioricet-online-online-pharmacy.info
buy-fioricet-online-pharmacy.info
buy-fioricet-pharmacy.info
buy-fosamax-online-pharmacy.info
buy-fosamax-pharmacy.info
buy-generic-phentermine-pharmacy-2003.info
buy-generic-viagra-online-online-pharmacy.info
buy-generic-viagra-online-pharmacy.info
buy-generic-viagra-pharmacy.info
buy-levitra-online-online-pharmacy.info
buy-levitra-online-pharmacy.info
buy-levitra-pharmacy.info
buy-lipitor-online-pharmacy.info
buy-lipitor-pharmacy.info
buy-meridia-top-pharmacy.net
buy-neurontin-online-pharmacy.info
buy-neurontin-pharmacy.info
buy-nexium-online-online-pharmacy.info
buy-nexium-online-pharmacy.info
buy-nexium-pharmacy.info
buy-online-service-2000.info
buy-online-service-2001.info
buy-online-service-2002.info
buy-online-service-2003.info
buy-online-service-2004.info
buy-online-service-24x7.info
buy-online-service-4u.info
buy-online-service-4you.info
buy-online-service-drugstore.info
buy-online-service-medication.info
buy-online-service-pharmacy.info
buy-online-service-pills.info
buy-online-service-prescription.info
buy-online-service.info
buy-paxil-online-pharmacy.info
buy-paxil-pharmacy.info
buy-phendimetrazine-online-pharmacy.info
buy-phendimetrazine-pharmacy.info
buy-phentermine-adipex-pharmacy-2003.info
buy-phentermine-cheap-375-mg-pharmacy-2003.info
buy-phentermine-cheap-pharmacy-2003.info
buy-phentermine-cheap-phetermine-pharmacy-2003.info
buy-phentermine-cheap-usa-pharmacy-pharmacy-2003.info
buy-phentermine-cod-pharmacy-2003.info
buy-phentermine-diet-pills-great-price.info
buy-phentermine-diet-pills-mailed-cod-pharmacy-2003.info
buy-phentermine-diet-pills-pharmacy-2003.info
buy-phentermine-discount-phetermine-on-line-pharmacy-2003.info
buy-phentermine-epharmacist-pharmacy-2003.info
buy-phentermine-from-mexico-pharmacy-2003.info
buy-phentermine-hcl-pharmacy-2003.info
buy-phentermine-in-canada-pharmacy-2003.info
buy-phentermine-in-florida-pharmacy-2003.info
buy-phentermine-on-line-pharmacy-2003.info
buy-phentermine-on-line-without-rx-pharmacy-2003.info
buy-phentermine-online-cheap-diet-pills-great-price.info
buy-phentermine-online-cheap-diet-pills-pharmacy-2003.info
buy-phentermine-online-cheap-pharmacy-2003.info
buy-phentermine-online-pharmacy-2003.info
buy-phentermine-pay-cod-pharmacy-2003.info
buy-phentermine-pharmacy-2003.info
buy-phentermine-phenteremine-pharmacy-2003.info
buy-phentermine-phenterminecom-pharmacy-2003.info
buy-phentermine-without-a-prescription-pharmacy-2003.info
buy-prescription-drug-online-online-pharmacy.info
buy-prescription-drug-online-pharmacy.info
buy-prevacid-online-pharmacy.info
buy-prevacid-pharmacy.info
buy-prilosec-online-pharmacy.info
buy-prilosec-pharmacy.info
buy-prozac-online-pharmacy.info
buy-prozac-pharmacy.info
buy-renova-online-pharmacy.info
buy-renova-pharmacy.info
buy-tenuate-online-pharmacy.info
buy-tenuate-pharmacy.info
buy-tramadol-online-online-pharmacy.info
buy-tramadol-online-pharmacy.info
buy-tramadol-pharmacy.info
buy-ultram-online-pharmacy.info
buy-ultram-pharmacy.info
buy-ultram-top-pharmacy.net
buy-valium-online-online-pharmacy.info
buy-valium-online-pharmacy.info
buy-valium-pharmacy.info
buy-viagra-in-canada-online-pharmacy.info
buy-viagra-in-canada-pharmacy.info
buy-viagra-now-online-pharmacy.info
buy-viagra-now-pharmacy.info
buy-viagra-on-line-online-pharmacy.info
buy-viagra-on-line-pharmacy.info
buy-viagra-online-online-pharmacy.info
buy-viagra-online-pharmacy.info
buy-viagra-pharmacy.info
buy-viagra-pill-online-pharmacy.info
buy-viagra-pill-pharmacy.info
buy-viagra-prescription-online-pharmacy.info
buy-viagra-prescription-pharmacy.info
buy-wellbutrin-xr-online-pharmacy.info
buy-wellbutrin-xr-pharmacy.info
buy-wine-online-cellar.info
buy-xenical-top-pharmacy.net
buy-zithromax-online-online-pharmacy.info
buy-zithromax-online-pharmacy.info
buy-zithromax-pharmacy.info
buy-zoloft-online-pharmacy.info
buy-zoloft-pharmacy.info
buyer-mortgage-e-site.info
buying-phentermine-pharmacy-2003.info
buying-prescription-drug-online-online-pharmacy.info
buying-prescription-drug-online-pharmacy.info
buying-viagra-online-online-pharmacy.info
buying-viagra-online-pharmacy.info
buying-viagra-pharmacy.info
buyviagra50.net
ca-america.com
caffeine-free-diet-pills-great-price.info
calc-mortgage-advisor.info
calculator-car-loan-e-site.info
calculator-finance-advisor.info
calculator-for-mortgage-payment-advisor.info
calculator-interest-mortgage-only-advisor.info
calculator-karls-mortgage-advisor.info
calculator-loan-4u.info
calculator-mortgage-4u.info
calculator-mortgage-rate-advisor.info
california-loan-mortgage-advisor.info
california-mortgage-e-site.info
california-mortgage-refinancing-advisor.info
california-mortgage-second-advisor.info
california-refinance-advisor.info
california-refinance-loan-advisor.info
california-wine-cellar.info
camera-equipment-esite.info
camera-esite.info
cameras-esite.info
campaign-finance-advisor.info
can-you-take-any-diet-pills-with-venlafaxine-hcl-great-price.info
canad-and-diet-pills-great-price.info
canada-drug-store-online-pharmacy.info
canada-drug-store-pharmacy.info
canada-online-drug-store-online-pharmacy.info
canada-online-drug-store-pharmacy.info
canada-pharmacy-top-pharmacy.net
canadian-diet-pills-great-price.info
canadian-drug-online-online-pharmacy.info
canadian-drug-online-pharmacy.info
canadian-drug-store-online-pharmacy.info
canadian-drug-store-pharmacy.info
canadian-online-drug-store-online-pharmacy.info
canadian-online-drug-store-pharmacy.info
canadian-online-pharmacy-top-pharmacy.net
canadian-pharmacy-phentermine-pharmacy-2003.info
canadian-pharmacy-top-pharmacy.net
car-finance-4u.info
car-financing-new-4u.info
car-financing-used-4u.info
car-insurancedeals-4u.info
car-loan-4-u.info
car-loan-new-4u.info
car-loan-refinance-e-site.info
car-loan-used-e-site.info
car-loans-4u.info
car-refinance-e-site.info
car-rental-e-site.info
car-rentals-e-site.info
carb-blocker-diet-pills-great-price.info
card-consolidate-credit-e-site.info
card-consolidation-credit-debt-4u.info
card-credit-4u.info
card-credit-debt-4u.info
card-credit-debt-eliminate-e-site.info
card-credit-debt-elimination-4u.info
card-credit-debt-reduction-advisor.info
card-credit-free-e-site.info
card-credit-help-4u.info
card-credit-instant-4u.info
card-credit-interest-low-4u.info
card-credit-interest-low-rate-4u.info
card-credit-low-rate-4u.info
card-credit-offer-4u.info
card-credit-processing-4u.info
card-credit-reward-e-site.info
card-credit-secured-e-site.info
card-credit-student-e-site.info
card-credit-uk-e-site.info
card-credit-unsecured-4u.info
card-gold-credit-4u.info
card-gold-platinum-4u.info
card-gold-silver-4u.info
card-platinum-4u.info
card-silver-4u.info
carisoprodol-online-pharmacy.info
carisoprodol-pharmacy.info
carolina-mortgage-north-e-site.info
carolina-mortgage-south-advisor.info
cartia-online-pharmacy.info
cartia-pharmacy.info
cash-fast-loan-e-site.info
cash-instant-loan-e-site.info
cash-loan-e-site.info
cash-loan-united-advisor.info
cash-loans-e-site.info
cash-on-delivery-phentermine-pharmacy-2003.info
cash-refinance-advisor.info
casino-121.net
casino-4u.net
casino-wins.net
casino2004.net
casino747.net
casinoequipmentsalesandrental.com
casinoplaces.net
catchathief.org
cefzil-online-pharmacy.info
cefzil-pharmacy.info
celebrex-top-pharmacy.net
celexa-online-pharmacy.info
celexa-pharmacy.info
celexa-phentermine-pharmacy-2003.info
cenafil-diet-pills-great-price.info
cendant-mortgage-advisor.info
chaeap-vacations-e-site.info
chaep-cruises-e-site.info
champagne-cellar.info
cheap-37-5-phentermine-pharmacy-2003.info
cheap-4phentermine-diet-pills-great-price.info
cheap-adipex-top-pharmacy.net
cheap-auto-insurancedeals-4u.info
cheap-birth-control-pill-online-pharmacy.info
cheap-birth-control-pill-pharmacy.info
cheap-birth-control-pills-online-pharmacy.info
cheap-birth-control-pills-pharmacy.info
cheap-bontril-online-pharmacy.info
cheap-bontril-pharmacy.info
cheap-car-rental-e-site.info
cheap-diet-pills-great-price.info
cheap-diet-pills-online-compare-prices-great-price.info
cheap-diet-pills-online-great-price.info
cheap-diet-pills-phentermine-90-count-great-price.info
cheap-dvds-top-shop.info
cheap-fioricet-online-pharmacy.info
cheap-fioricet-pharmacy.info
cheap-flight-e-site.info
cheap-flights-e-site.info
cheap-florida-phentermine-pharmacy-2003.info
cheap-flowers-leading-site.info
cheap-generic-viagra-online-pharmacy.info
cheap-generic-viagra-pharmacy.info
cheap-hotels-e-site.info
cheap-levitra-online-pharmacy.info
cheap-levitra-pharmacy.info
cheap-overnight-phentermine-pharmacy-2003.info
cheap-phentermine---free-shipping-pharmacy-2003.info
cheap-phentermine--8900-pharmacy-2003.info
cheap-phentermine-375-cod-available-pharmacy-2003.info
cheap-phentermine-375-pharmacy-2003.info
cheap-phentermine-375mg-pharmacy-2003.info
cheap-phentermine-and-cod-pharmacy-2003.info
cheap-phentermine-buy-diet-pills-great-price.info
cheap-phentermine-c-o-d-pharmacy-2003.info
cheap-phentermine-cod-pharmacy-2003.info
cheap-phentermine-diet-pill-pharmacy-2003.info
cheap-phentermine-diet-pills-great-price.info
cheap-phentermine-diet-pills-pharmacy-2003.info
cheap-phentermine-free-shipping-pharmacy-2003.info
cheap-phentermine-lowest-price-pharmacy-2003.info
cheap-phentermine-online-pharmacy-2003.info
cheap-phentermine-pharmacy-2003.info
cheap-phentermine-with-cod-pharmacy-2003.info
cheap-phentermines-pharmacy-2003.info
cheap-prescription-diet-pills---phentermine-pharmacy-2003.info
cheap-prescription-diet-pills-great-price.info
cheap-prescription-diet-pills-online-great-price.info
cheap-prescription-diet-pills-phentermine-4great-price.info
cheap-tramadol-online-pharmacy.info
cheap-tramadol-pharmacy.info
cheap-valium-online-pharmacy.info
cheap-valium-pharmacy.info
cheap-viagra-online-online-pharmacy.info
cheap-viagra-online-pharmacy.info
cheap-viagra-pharmacy.info
cheaper-diet-pills-great-price.info
cheapest-cheap-phentermine-pharmacy-2003.info
cheapest-diet-pills-great-price.info
cheapest-free-shipping-phentermine-pharmacy-2003.info
cheapest-online-phentermine-pharmacy-2003.info
cheapest-order-phentermine-online-without-an-rx-pharmacy-2003.info
cheapest-phentermine-375mg-prices-pharmacy-2003.info
cheapest-phentermine-online-pharmacy-2003.info
cheapest-phentermine-pharmacy-2003.info
cheapest-phentermine-pills-pharmacy-2003.info
cheapest-pills-phentermine-pharmacy-2003.info
cheapest-prescription-diet-pills-online-great-price.info
cheapest-shop-2000.info
cheapest-shop-2001.info
cheapest-shop-2002.info
cheapest-shop-2003.info
cheapest-shop-2004.info
cheapest-shop-24x7.info
cheapest-shop-4u.info
cheapest-shop-4you.info
cheapest-shop-drugstore.info
cheapest-shop-medication.info
cheapest-shop-pharmacy.info
cheapest-shop-pills.info
cheapest-shop-prescription.info
cheapest-shop.info
cheapest-tramadol-online-pharmacy.info
cheapest-tramadol-pharmacy.info
cheapest-viagra-online-pharmacy.info
cheapest-viagra-pharmacy.info
cheapest-viagra-price-online-pharmacy.info
cheapest-viagra-price-pharmacy.info
check-credit-4u.info
check-credit-free-e-site.info
check-credit-report-4u.info
check-credit-reports-e-site.info
cholesterol-medication-online-pharmacy.info
cholesterol-medication-pharmacy.info
christian-consolidation-debt-e-site.info
christian-debt-advisor.info
christian-singles-e-site.info
cialispillinformation.net
cipro-online-pharmacy.info
cipro-pharmacy.info
citizens-auto-finance-inc-advisor.info
citizens-automobile-finance-advisor.info
citristat-diet-pills-great-price.info
citristat-diet-pills-order-forms-great-price.info
city-mortgage-national-e-site.info
city-mortgage-oklahoma-advisor.info
clarithromycin-online-pharmacy.info
clarithromycin-pharmacy.info
claritin-d-top-pharmacy.net
claritin-top-pharmacy.net
clay-poker-chips-top-casino.net
clean-credit-e-site.info
cleocin-online-pharmacy.info
cleocin-pharmacy.info
clonazepam-online-pharmacy.info
clonazepam-pharmacy.info
clonidine-online-pharmacy.info
clonidine-pharmacy.info
clopidogrel-online-pharmacy.info
clopidogrel-pharmacy.info
cod-delivery-weightloss-diet-pills-great-price.info
cod-diet-pills-great-price.info
cod-phentermine-buy-pharmacy-2003.info
cod-phentermine-pharmacy-2003.info
cod-phentermine-ups-pharmacy-2003.info
collection-debt-e-site.info
college-loan-4u.info
college-loans-4u.info
com-credit-free-report-advisor.info
com-credit-free-reports-advisor.info
combination-information-prozac-and-phentermine-pharmacy-2003.info
commercial-loan-e-site.info
commercial-loans-e-site.info
commercial-mortgage-refinance-advisor.info
commercial-real-estate-financing-advisor.info
commodity-trading-4u.info
company-mortgage-e-site.info
compare-diet-pills-great-price.info
compare-mortgage-rates-advisor.info
condodream.com
conjuratia.com
consolidate-debt-4u.info
consolidate-loan-student-4u.info
consolidation-counseling-credit-debt-advisor.info
consolidation-debt-4u.info
consolidation-debt-loan-4u.info
consolidation-debt-non-profit-advisor.info
consolidation-debt-program-advisor.info
consolidation-debt-solution-advisor.info
consolidation-direct-loan-e-site.info
consolidation-loan-e-site.info
consolidation-loan-student-e-site.info
consolidation-loans-e-site.info
consolidator-debt-advisor.info
construction-loan-4u.info
construction-loans-4u.info
consumer-counseling-credit-e-site.info
consumer-counseling-debt-advisor.info
consumer-credit-advisor.info
consumer-credit-counseling-advisor.info
consumer-reviews-diet-pills-great-price.info
control-brand-diet-pills-great-price.info
coreg-online-pharmacy.info
coreg-pharmacy.info
corner-drug-store-online-pharmacy.info
corner-drug-store-pharmacy.info
corporate-finance-e-site.info
cortisal-hormone-diet-pills-great-price.info
cortislim-diet-pills-great-price.info
cortisol-diet-pills-great-price.info
cosmetic-surgery-financing-advisor.info
counseling-credit-debt-management-advisor.info
counseling-credit-e-site.info
counseling-debt-4u.info
counseling-debt-service-advisor.info
country-mortgage-wide-advisor.info
countrywide-home-loan-e-site.info
countrywide-home-loans-e-site.info
countrywide-mortgage-e-site.info
cozaar-online-pharmacy.info
cozaar-pharmacy.info
credit-4u.info
credit-and-debt-counseling-advisor.info
credit-bureau-advisor.info
credit-bureaus-advisor.info
credit-card-4u.info
credit-card-application-4u.info
credit-card-applications-4u.info
credit-card-consolidation-advisor.info
credit-card-debt-4u.info
credit-card-debt-consolidation-advisor.info
credit-card-debt-elimination-4u.info
credit-card-fraud-advisor.info
credit-card-generator-advisor.info
credit-card-help-4u.info
credit-card-machines-advisor.info
credit-card-number-free-hacking-advisor.info
credit-card-number-generator-advisor.info
credit-card-numbers-advisor.info
credit-card-offer-4u.info
credit-card-offers-4u.info
credit-card-online-approval-4u.info
credit-card-processing-advisor.info
credit-cards-4u.info
credit-cards-for-bad-credit-advisor.info
credit-cards-for-people-with-bad-credit-advisor.info
credit-check-advisor.info
credit-checks-advisor.info
credit-counseling-advisor.info
credit-debt-e-site.info
credit-debt-finance-4u.info
credit-employee-state-union-e-site.info
credit-equifax-report-4u.info
credit-experian-report-advisor.info
credit-federal-navy-union-4u.info
credit-federal-pentagon-union-e-site.info
credit-fix-report-e-site.info
credit-fix-reports-e-site.info
credit-ford-e-site.info
credit-ford-motor-e-site.info
credit-free-online-report-e-site.info
credit-free-report-4u.info
credit-free-reports-4u.info
credit-help-4u.info
credit-history-4u.info
credit-instant-report-e-site.info
credit-instant-reports-e-site.info
credit-line-report-e-site.info
credit-line-reports-e-site.info
credit-online-report-4u.info
credit-online-reports-4u.info
credit-personal-report-4u.info
credit-personal-reports-4u.info
credit-rating-e-site.info
credit-repair-4u.info
credit-repair-report-e-site.info
credit-repair-reports-e-site.info
credit-report-4u.info
credit-report-score-4u.info
credit-report-trans-union-advisor.info
credit-reports-4u.info
credit-reports-score-4u.info
credit-score-4u.info
credit-scores-4u.info
credit-union-4u.info
credit-unions-4u.info
cruise-e-site.info
cruises-e-site.info
cure-baldness-online-pharmacy.info
cure-baldness-pharmacy.info
cure-for-diabetes-online-pharmacy.info
cure-for-diabetes-pharmacy.info
currency-converter-4u.info
currency-exchange-4u.info
currency-trading-4u.info
current-interest-mortgage-rate-advisor.info
current-mortgage-rate-e-site.info
current-mortgage-rates-e-site.info
cvs-pharmacy-top-pharmacy.net
cyber-pharmacy-phentermine-pharmacy-2003.info
cyclobenzaprine-online-pharmacy.info
cyclobenzaprine-pharmacy.info
dangers-of-phentermine-pharmacy-2003.info
dating-e-site.info
dating-services-e-site.info
dating-site-e-site.info
day-loan-pay-e-site.info
deal-e-site.info
deals-for-watches-deals.info
debt-4u.info
debt-elimination-4u.info
debt-free-4u.info
debt-help-4u.info
debt-loan-advisor.info
debt-loan-student-e-site.info
debt-management-4u.info
debt-management-program-4u.info
debt-management-service-advisor.info
debt-management-services-advisor.info
debt-management-solution-advisor.info
debt-negotiation-advisor.info
debt-personal-e-site.info
debt-recovery-advisor.info
debt-reduction-4u.info
debt-relief-4u.info
debt-services-advisor.info
debt-settlement-e-site.info
debt-solution-4u.info
debt-solutions-4u.info
delivered-phenterminecom-pharmacy-2003.info
dental-insurancedeals-4u.info
depakote-online-pharmacy.info
depakote-pharmacy.info
department-finance-nys-advisor.info
depression-drug-online-pharmacy.info
depression-drug-pharmacy.info
depression-medication-online-pharmacy.info
depression-medication-pharmacy.info
depression-medicine-online-pharmacy.info
depression-medicine-pharmacy.info
depression-treatment-online-pharmacy.info
depression-treatment-pharmacy.info
dept-finance-nyc-advisor.info
detrol-la-online-pharmacy.info
detrol-la-pharmacy.info
detrol-online-pharmacy.info
detrol-pharmacy.info
devilofnights.org
diabetes-management-online-pharmacy.info
diabetes-management-pharmacy.info
diabetes-medication-online-pharmacy.info
diabetes-medication-pharmacy.info
diabetes-treatment-online-pharmacy.info
diabetes-treatment-pharmacy.info
diabetes-wholesale-supply-online-pharmacy.info
diabetes-wholesale-supply-pharmacy.info
diazepam-online-pharmacy.info
diazepam-pharmacy.info
diclofenac-online-pharmacy.info
diclofenac-pharmacy.info
dictionary-finance-advisor.info
did-she-take-diet-pills-to-lose-weight-great-price.info
didrex-diet-pills-great-price.info
didrex-phentermineinfo-pharmacy-2003.info
diet-medication--phentermine-sales-pharmacy-2003.info
diet-phentermine-pharmacy-2003.info
diet-pills-1960s-great-price.info
diet-pills-24x7.net
diet-pills-375-mg.net
diet-pills-4-buy-without-a-medical-questionairre-4u.info
diet-pills-4-you-great-price.info
diet-pills-4inexpensive-great-price.info
diet-pills-4me.net
diet-pills-4methamphetamine-great-price.info
diet-pills-adipex-great-price.info
diet-pills-adipex-p-great-price.info
diet-pills-and-addiction-great-price.info
diet-pills-and-advertisements-great-price.info
diet-pills-and-breastfeeding-great-price.info
diet-pills-and-cod-great-price.info
diet-pills-and-research-great-price.info
diet-pills-and-trying-to-conceive-great-price.info
diet-pills-anselix-great-price.info
diet-pills-appetite-suppressants-great-price.info
diet-pills-approved-by-the-fda-great-price.info
diet-pills-as-seen-on-tv-great-price.info
diet-pills-australia-great-price.info
diet-pills-bontril-great-price.info
diet-pills-breastfeeding-great-price.info
diet-pills-buy-ephedra-great-price.info
diet-pills-carb-bloc-great-price.info
diet-pills-cheap-great-price.info
diet-pills-cheap-phenteimine-great-price.info
diet-pills-cheapest-phentermine-great-price.info
diet-pills-cod-delivery-great-price.info
diet-pills-cod-great-price.info
diet-pills-cod-secure-site-adipex-great-price.info
diet-pills-compared-great-price.info
diet-pills-containing-ephedra-great-price.info
diet-pills-cortislim-great-price.info
diet-pills-covered-through-health-care-great-price.info
diet-pills-didrex-great-price.info
diet-pills-diets-great-price.info
diet-pills-discount-cheap-phentermine-great-price.info
diet-pills-discount-cheap-phentermine-pharmacy-2003.info
diet-pills-discount-cheap-shipping-free-great-price.info
diet-pills-easy-to-swallow-great-price.info
diet-pills-effects-great-price.info
diet-pills-ephedra-great-price.info
diet-pills-florida-great-price.info
diet-pills-for-constipation-great-price.info
diet-pills-for-diabetics-great-price.info
diet-pills-for-me-great-price.info
diet-pills-for-menopausal-women-great-price.info
diet-pills-for-menopause-great-price.info
diet-pills-for-those-with-high-blood-pressure-great-price.info
diet-pills-for-women-in-menapause-great-price.info
diet-pills-for-women-over-50-great-price.info
diet-pills-for-women-over-forty-great-price.info
diet-pills-free-sample-great-price.info
diet-pills-free-shipping-great-price.info
diet-pills-from-canada-great-price.info
diet-pills-from-online-pharmacys-great-price.info
diet-pills-great-price.info
diet-pills-guaranteed-great-price.info
diet-pills-health-comparison-great-price.info
diet-pills-phentermine-free-shipping-pharmacy-2003.info
diet-pills-phentermine-pharmacy-2003.info
diethylpropion-top-pharmacy.net
dietpills-4me.net
dietpillsl90.net
dietpillssite.net
difference-between-phendimetrazine-phentermine-pharmacy-2003.info
diflucan-top-pharmacy.net
digital-camera-esite.info
discount-pharmacy-top-pharmacy.net
discounts24x7.net
dns2004.net
doobu.com
drug-store-com-pharmacy.info
drug-store-on-line-online-pharmacy.info
drug-store-on-line-pharmacy.info
drug-store-online-com-online-pharmacy.info
drug-store-online-com-pharmacy.info
drug-store-online-pharmacy.info
drug-store-pharmacy.info
drugs-phentermine-pharmacy-2003.info
dvd-movie-top-shop.info
dvd-movies-top-shop.info
dvd-rental-top-shop.info
dvd-rentals-top-shop.info
dvd-top-shop.info
dvds-top-shop.info
e-deals-esite.info
e-digital-camera-esite.info
e-poker-2005.com
ebanking-4u.info
edmontgomeryministries.org
effects-of-phentermine-pharmacy-2003.info
effexor-online-pharmacy.info
effexor-pharmacy.info
effexor-xr-online-pharmacy.info
effexor-xr-pharmacy.info
elegant-watches-deals.info
elidel-online-pharmacy.info
elidel-pharmacy.info
emall-com-site.info
emall-motors-site.info
emall-site.info
emall-uk-site.info
emc-mortgage-advisor.info
enalapril-online-pharmacy.info
enalapril-pharmacy.info
eon-phentermine-pharmacy-2003.info
equipment-used-for-golf-e-course.info
equity-home-loan-4u.info
equity-home-loan-rate-4u.info
equity-loan-4u.info
estate-finance-real-advisor.info
estate-financing-real-advisor.info
estate-mortgage-real-advisor.info
estradiol-online-pharmacy.info
estradiol-pharmacy.info
evista-online-pharmacy.info
evista-pharmacy.info
extra-cheap-phentermine-pharmacy-2003.info
famvir-online-pharmacy.info
famvir-pharmacy.info
famvir-top-pharmacy.net
fargo-home-mortgage-well-e-site.info
fast-loan-e-site.info
fastin-phentermine-pharmacy-2003.info
fda-approved-phentermine-pharmacy-2003.info
fearcrow.com
fedex-shipping-phentermine-pharmacy-2003.info
female-health-online-pharmacy.info
female-health-pharmacy.info
female-viagra-online-pharmacy.info
female-viagra-pharmacy.info
fha-loan-e-site.info
fha-loans-e-site.info
fha-mortgage-advisor.info
finance-4u.info
finance-general-4u.info
finance-home-4u.info
finance-household-e-site.info
finance-insurance-e-site.info
finance-investing-advisor.info
finance-investment-advisor.info
finance-mortgage-4u.info
finance-personal-4u.info
finance-software-advisor.info
finance-stock-4u.info
finance-transouth-advisor.info
financing-e-site.info
financing-home-improvement-4u.info
financing-home-mobile-advisor.info
financing-mortgage-advisor.info
financing-offer-advisor.info
financing-owner-advisor.info
financing-rv-e-site.info
finasteride-online-pharmacy.info
finasteride-pharmacy.info
find-buying-phentermine-online-pharmacy-2003.info
fine-wine-cellar.info
fioricet-online-pharmacy.info
fioricet-pharmacy.info
fioricet-prescription-online-pharmacy.info
fioricet-prescription-pharmacy.info
fioricet-prescription-top-pharmacy.net
fioricet-top-pharmacy.net
first-mortgage-advisor.info
fixed-mortgage-rate-4u.info
flafeber.com
fleet-card-4u.info
fleet-credit-card-4u.info
fleet-credit-card-services-4u.info
flomax-online-pharmacy.info
flomax-pharmacy.info
florida-and-phentermine-pharmacy-2003.info
florida-phentermine-pharmacy-2003.info
florist-leading-site.info
florists-leading-site.info
flower-leading-site.info
flower-shop-leading-site.info
flower-shops-leading-site.info
flowers-4u.net
flowers-leading-site.info
flowers-online-leading-site.info
fluoxetine-online-pharmacy.info
fluoxetine-pharmacy.info
food-and-wine-cellar.info
footwear-e-shop.info
foreign-pharmacy-top-pharmacy.net
forex-4u.info
forex-market-4u.info
forex-trading-4u.info
forex-trading-system-4u.info
fosamax-online-pharmacy.info
fosamax-pharmacy.info
fraud-mortgage-advisor.info
free-card-gold-4u.info
free-card-platinum-4u.info
free-credit-report-4u.info
free-credit-reports-4u.info
free-dating-e-site.info
free-doctor-phentermine-pharmacy-2003.info
free-gold-card-4u.info
free-online-poker-top-casino.net
free-phentermine-pharmacy-2003.info
free-platinum-card-4u.info
free-poker-game-top-casino.net
free-poker-top-casino.net
free-shipping-phentermine-pharmacy-2003.info
free-tax-software-advisor.info
french-wine-cellar.info
fuel-tax-reporting-software-advisor.info
fuel-tax-software-advisor.info
furosemide-online-pharmacy.info
furosemide-pharmacy.info
gemfibrozil-online-pharmacy.info
gemfibrozil-pharmacy.info
generalized-anxiety-disorder-treatment-online-pharmacy.info
generalized-anxiety-disorder-treatment-pharmacy.info
generic-phentermine-pharmacy-2003.info
generic-viagra-online-pharmacy.info
generic-viagra-pharmacy.info
genital-wart-treatment-online-pharmacy.info
genital-wart-treatment-pharmacy.info
get-out-of-debt-4u.info
get-phentermine-prescription-pharmacy-2003.info
get-phentermine-without-prescription-pharmacy-2003.info
gethelp24x7.net
getstarted24x7.net
glipizide-online-pharmacy.info
glipizide-pharmacy.info
glucophage-online-pharmacy.info
glucophage-pharmacy.info
gmac-mortgage-e-site.info
gold-auto-finance-4u.info
gold-automotive-finance-4u.info
gold-manhattan-mortgage-4u.info
gold-mortgage-4u.info
gold-platinum-4u.info
gold-platinum-silver-card-4u.info
gold-silver-card-4u.info
golf-balls-e-course.info
golf-clubs-e-course.info
golf-e-course.info
golf-equipment-e-course.info
golf-gift-e-course.info
golfing-e-course.info
government-loan-e-site.info
government-loans-e-site.info
great-camera-esite.info
great-e-site.info
great-esite.info
great-watches-deals.info
green-mortgage-point-advisor.info
hair-loss-product-online-pharmacy.info
hair-loss-product-pharmacy.info
hair-loss-solution-online-pharmacy.info
hair-loss-solution-pharmacy.info
hair-loss-treatment-online-pharmacy.info
hair-loss-treatment-pharmacy.info
half-life-phentermine-pharmacy-2003.info
hasslerenterprises.org
hdic.org
health-insurance-quotesdeals-4u.info
health-insurancedeals-4u.info
herbal-breast-enhancement-online-pharmacy.info
herbal-breast-enhancement-pharmacy.info
herbal-phentermine-appetite-suppressant-pharmacy-2003.info
herbal-viagra-online-pharmacy.info
herbal-viagra-pharmacy.info
herbal-weight-loss-online-pharmacy.info
herbal-weight-loss-pharmacy.info
herpes-cure-online-pharmacy.info
herpes-cure-pharmacy.info
herpes-treatment-online-pharmacy.info
herpes-treatment-pharmacy.info
high-blood-pressure-medication-online-pharmacy.info
high-blood-pressure-medication-pharmacy.info
highprofitclub.com
holiday-e-site.info
holidays-e-site.info
home-improvement-loan-4u.info
home-improvement-loans-4u.info
home-loan-4u.info
home-loan-mortgage-second-advisor.info
home-loans-4u.info
home-mortgage-4u.info
home-mortgages-4u.info
home-refinance-e-site.info
home-refinancing-4u.info
hometeaminspection.org
hotel-dealse-site.info
hotel-reservations-e-site.info
hotele-site.info
hotels-in-london-e-site.info
hotelse-site.info
houston-mortgage-advisor.info
hurricane-watch-deals.info
imitrex-online-pharmacy.info
imitrex-pharmacy.info
income-tax-advisor.info
income-tax-preparation-advisor.info
income-tax-software-advisor.info
inderal-online-pharmacy.info
inderal-pharmacy.info
individual-health-insurancedeals-4u.info
infection-control-online-pharmacy.info
infection-control-pharmacy.info
information-mortgage-advisor.info
information-on-phentermine-hydrochloride-pharmacy-2003.info
information-phentermine-pharmacy-2003.info
ingredient-phentermine-pharmacy-2003.info
ingyensms.org
instant-credit-card-4u.info
instant-quick-money-cash-advance-personal-loans-until-pay-day.com
insurance-life-mortgage-advisor.info
insurance-quotesdeals-4u.info
insurancedeals-4u.info
interest-loan-only-e-site.info
interest-mortgage-advisor.info
interest-mortgage-rate-4u.info
international-pharmacy-top-pharmacy.net
internet-drug-store-online-pharmacy.info
internet-drug-store-pharmacy.info
internet-lead-mortgage-advisor.info
internet-pharmacy-top-pharmacy.net
internet-poker-top-casino.net
irons-e-course.info
irs-advisor.info
is-phentermine-safe-pharmacy-2003.info
is-timed-release-or-pill-form-of--phentermine.info
italian-wine-cellar.info
kapsociety.org
kinggimp.org
kmag.biz.
krantas.org
kyfarmhouse.org
lakesideartonline.com
lambethcouncil.com
langsrestaurant.com
las-vegas-hotel-e-site.info
las-vegas-hotels-e-site.info
lead-mortgage-e-site.info
leading-brands-deals.info
leading-digital-camera-esite.info
leading-watches-deals.info
lender-mortgage-e-site.info
levaquin-online-pharmacy.info
levaquin-pharmacy.info
levitra-online-best-pharmacy.info
levitra-prescription-online-pharmacy.info
levitra-prescription-pharmacy.info
levitra-price-online-pharmacy.info
levitra-price-pharmacy.info
levitra-top-pharmacy.info
lexapro-online-pharmacy.info
lexapro-pharmacy.info
life-insurance-quotedeals-4u.info
life-insurance-quotesdeals-4u.info
life-insurancedeals-4u.info
lipitor-online-pharmacy.info
lipitor-pharmacy.info
lipitor-top-pharmacy.net
liquor-cellar.info
liquor-store-cellar.info
lisinopril-online-pharmacy.info
lisinopril-pharmacy.info
loan-4u.info
loan-military-e-site.info
loan-money-advisor.info
loan-mortgage-4u.info
loan-mortgage-rate-advisor.info
loan-online-4u.info
loan-payday-4u.info
loan-payment-e-site.info
loan-personal-4u.info
loan-quick-e-site.info
loan-refinance-4u.info
loan-refinancing-advisor.info
loan-signature-advisor.info
loan-student-4u.info
loan-unsecured-4u.info
loan-va-e-site.info
loans-4-u.info
long-term-effects-of-phentermine-pharmacy-2003.info
long-term-phentermine-use-pharmacy-2003.info
longslabofjoy.com
lopressor-online-pharmacy.info
lopressor-pharmacy.info
loratadine-online-pharmacy.info
loratadine-pharmacy.info
lorazepam-online-pharmacy.info
lorazepam-pharmacy.info
losartan-online-pharmacy.info
losartan-pharmacy.info
losec-online-pharmacy.info
losec-pharmacy.info
lotensin-online-pharmacy.info
lotensin-pharmacy.info
low-cost-phentermine-pharmacy-2003.info
low-cost-viagra-online-pharmacy.info
low-cost-viagra-pharmacy.info
low-mortgage-rate-4u.info
low-mortgage-rates-4u.info
low-priced-phentermine-leading-pharmacy.info
lower-abdominal-pain-online-pharmacy.info
lower-abdominal-pain-pharmacy.info
lowering-blood-pressure-online-pharmacy.info
lowering-blood-pressure-pharmacy.info
lowering-cholesterol-online-pharmacy.info
lowering-cholesterol-pharmacy.info
lowest-mortgage-rate-advisor.info
lowest-price-for-levitra-online-pharmacy.info
lowest-price-for-levitra-pharmacy.info
lowest-price-for-phentermine-leading-pharmacy.info
lowest-price-for-phentermine-overnight-leading-pharmacy.info
lowest-price-for-phentermine-shipped-from-the--west-coast.info
lowest-price-phentermine-leading-pharmacy.info
lowest-prices-phentermine-leading-pharmacy.info
luxury-brands-deals.info
luxury-watches-deals.info
lvcpa.org
mail-order-pharmacy-top-pharmacy.net
majorapplewhite.info
maloylawn.com
marketing-mortgage-advisor.info
marshallyachts.org
mbgeezers.com
meridia-top-pharmacy.net
meridia-weight-loss-top-pharmacy.net
mexican-pharmacy-top-pharmacy.net
mexico-pharmacy-top-pharmacy.net
montaguefineart.com
morning-after-pill-top-pharmacy.net
mrspike.biz.
myrtlejones.com
mystify2001.com
nabpak.org
nancyflowerswilson.com
naproxen-top-pharmacy.net
nasacort-online-pharmacy.info
nasacort-pharmacy.info
nehrucollege.org
neurontin-online-pharmacy.info
neurontin-pharmacy.info
nevada-phentermine-leading-pharmacy.info
new-jersey-phentermine-pharmacy-leading-pharmacy.info
new-laws-on-phentermine-leading-pharmacy.info
new-leading-e-shop.info
new-running-shoes-e-shop.info
new-york-city-hotels-e-site.info
new-york-hotels-e-site.info
neweighweb.org
newtruths.com
nexium-online-pharmacy.info
nexium-pharmacy.info
nexium-top-pharmacy.net
next-day-delivery-phentermine-leading-pharmacy.info
next-day-phentermine-leading-pharmacy.info
nifedipine-online-pharmacy.info
nifedipine-pharmacy.info
nike-shoes-e-shop.info
nikkiwilliams.info
no-prescription-phentermine-leading-pharmacy.info
no-prescription-phentermine-pills-leading-pharmacy.info
norvasc-online-pharmacy.info
norvasc-pharmacy.info
nutzu.com
olanzapine-online-pharmacy.info
olanzapine-pharmacy.info
on-line-dating-e-site.info
on-line-pharmacy-top-pharmacy.net
on-line-phentermine-leading-pharmacy.info
online-adipex-top-pharmacy.net
online-advice-24x7.com
online-and-phentermine-and-cod-and--overnight-delivery.info
online-and-phentermine-and-leading-pharmacy.info
online-and-phentermine-and-overnight-and-cod-leading-pharmacy.info
online-auction-site.info
online-auctions-site.info
online-casino-4u.com
online-casino-555.com
online-casino-winner.net
online-cheap-phentermine-leading-pharmacy.info
online-consultation24x7.com
online-credit-card-application-e-site.info
online-credit-card-approval-4u.info
online-credit-card-e-site.info
online-dating-e-site.info
online-dating-service-e-site.info
online-dating-services-e-site.info
online-deal-2000.info
online-deal-2001.info
online-deal-2002.info
online-deal-2003.info
online-deal-2004.info
online-deal-24x7.info
online-deal-4u.info
online-deal-4you.info
online-deal-drugstore.info
online-deal-medication.info
online-deal-pharmacy.info
online-deal-prescription.info
online-deal.info
online-deals-2000.info
online-deals-2001.info
online-deals-2002.info
online-deals-2003.info
online-deals-2004.info
online-deals-24x7.info
online-deals-4you.info
online-deals-drugstore.info
online-deals-medication.info
online-deals-pharmacy.info
online-deals-pills.info
online-deals-prescription.info
online-deals.info
online-deals21.com
online-deals24x7.com
online-deals4u.com
online-deals99.com
online-drug-reference-online-pharmacy.info
online-drug-reference-pharmacy.info
online-drug-store-online-pharmacy.info
online-drug-store-pharmacy.info
online-flower-leading-site.info
online-flowers-leading-site.info
online-forex-trading-4u.info
online-gambling-4u.net
online-games24x7.com
online-games24x7.net
online-marketplace-emall-site.info
online-medications24x7.com
online-pharmacy-24x7.net
online-pharmacy-4u.net
online-pharmacy-pills-4u.net
online-phentermine-leading-pharmacy.info
online-poker-4u.com
online-poker-555.com
online-poker-top-casino.net
online-poker-winner.net
online-prescription-phentermine-leading-pharmacy.info
online-prescription-valium-online-pharmacy.info
online-prescription-valium-pharmacy.info
online-scores24x7.com
online-shop-24x7.com
online-shop-site-2000.info
online-shop-site-2001.info
online-shop-site-2002.info
online-shop-site-2003.info
online-shop-site-2004.info
online-shop-site-24x7.info
online-shop-site-4u.info
online-shop-site-4you.info
online-shop-site-drugstore.info
online-shop-site-medication.info
online-shop-site-pharmacy.info
online-shop-site-pills.info
online-shop-site-prescription.info
online-shop-site.info
online-shopping-site-2000.info
online-shopping-site-2001.info
online-shopping-site-2002.info
online-shopping-site-2003.info
online-shopping-site-2004.info
online-shopping-site-24x7.info
online-shopping-site-4u.info
online-shopping-site-4you.info
online-shopping-site-drugstore.info
online-shopping-site-medication.info
online-shopping-site-pharmacy.info
online-shopping-site-pills.info
online-shopping-site-prescription.info
online-shopping-site.info
online-tax-preparation-advisor.info
online-top-deals.com
online-viagra-sales-online-pharmacy.info
online-viagra-sales-pharmacy.info
onlinecasino-4u.com
onlinecasino777.net
onlinegambling-4u.net
onlinepharmacy-4u.net
onlinepharmacy2004.net
onlinepharmacysite.net
onlinepoker-4u.com
onlinepoker777.net
onlinepokersite.net
order-adipex-top-pharmacy.net
order-drug-online-online-pharmacy.info
order-drug-online-pharmacy.info
order-levitra-online-pharmacy.info
order-levitra-pharmacy.info
order-online-phentermine-leading-pharmacy.info
order-online-site-2000.info
order-online-site-2001.info
order-online-site-2002.info
order-online-site-2003.info
order-online-site-2004.info
order-online-site-24x7.info
order-online-site-4u.info
order-online-site-4you.info
order-online-site-drugstore.info
order-online-site-medication.info
order-online-site-pharmacy.info
order-online-site-pills.info
order-online-site-prescription.info
order-online-site.info
order-phentermine-375-cod-leading-pharmacy.info
order-phentermine-cod-online-leading-pharmacy.info
order-phentermine-diet-pill-leading-pharmacy.info
order-phentermine-direct-from-pharmacy-leading-pharmacy.info
order-phentermine-from-silver-drug-leading-pharmacy.info
order-phentermine-leading-pharmacy.info
order-phentermine-online-leading-pharmacy.info
order-phentermine-online-with-no-rx-leading-pharmacy.info
order-phentermine-overnight-leading-pharmacy.info
order-phentermine-phentremine-leading-pharmacy.info
order-phentermine-with-no-prescription-leading-pharmacy.info
order-phentermine-without-perscription-leading-pharmacy.info
order-phentermine-without-rx-leading-pharmacy.info
order-valium-online-pharmacy.info
order-valium-pharmacy.info
order-viagra-online-online-pharmacy.info
order-viagra-online-pharmacy.info
order-viagra-pharmacy.info
ortho-evra-online-pharmacy.info
ortho-evra-pharmacy.info
ortho-tri-cyclen-online-pharmacy.info
ortho-tri-cyclen-pharmacy.info
ortho-tricyclen-lo-online-pharmacy.info
ortho-tricyclen-lo-pharmacy.info
ottawavalleyag.org
ourtownhelps.org
out-of-debt-advisor.info
over-the-counter-compared-to-phentermine-leading-pharmacy.info
overnight-cod-phentermine-online-leading-pharmacy.info
overnight-fedex-phentermine-leading-pharmacy.info
overnight-phentermine-leading-pharmacy.info
overseas-pharmacy-top-pharmacy.net
pacific-poker-top-casino.net
pages4people.com
pagetwo.org
pain-control-online-pharmacy.info
pain-control-pharmacy.info
pain-management-online-pharmacy.info
pain-management-pharmacy.info
pain-medication-online-pharmacy.info
pain-medication-pharmacy.info
pain-medicine-online-pharmacy.info
pain-medicine-pharmacy.info
pain-pill-online-pharmacy.info
pain-pill-pharmacy.info
pain-pills-online-pharmacy.info
pain-pills-pharmacy.info
pain-relief-online-pharmacy.info
pain-relief-pharmacy.info
pain-reliever-online-pharmacy.info
pain-reliever-pharmacy.info
paisleydevelopmentassociation.org
paramountseedfarms.org
paris-hotels-e-site.info
parkviewsoccer.org
paroxetine-online-pharmacy.info
paroxetine-pharmacy.info
party-poker-top-casino.net
pasuquinio.com
patanol-online-pharmacy.info
patanol-pharmacy.info
paxil-cr-online-pharmacy.info
paxil-cr-pharmacy.info
paxil-cr-top-pharmacy.net
paxil-online-pharmacy.info
paxil-pharmacy.info
paxil-top-pharmacy.net
pay-cod-for-phentermine-leading-pharmacy.info
payless-shoes-e-shop.info
penelopeschenk.com
penis-erection-online-pharmacy.info
penis-erection-pharmacy.info
pet-insurancedeals-4u.info
pharmacy-drug-store-online-pharmacy.info
pharmacy-drug-store-pharmacy.info
pharmacy-phentermine-overnight-online--prescriptions.info
pharmacy-phentermine-saturday-leading-pharmacy.info
pharmacy-top-pharmacy.net
phendimetrazine-online-pharmacy.info
phendimetrazine-pharmacy.info
phentarmine-pharmacy-2003.info
phentermine---375mg---90-tablets-leading-pharmacy.info
phentermine---68-30-days--150-90-days-leading-pharmacy.info
phentermine---ability-to-concieve-leading-pharmacy.info
phentermine---price-leading-pharmacy.info
phentermine--29-leading-pharmacy.info
phentermine--85-leading-pharmacy.info
phentermine--99-leading-pharmacy.info
phentermine--adipex-leading-pharmacy.info
phentermine--australia-leading-pharmacy.info
phentermine--cash-on-delivery-leading-pharmacy.info
phentermine--cod-shipping-leading-pharmacy.info
phentermine--low-price-leading-pharmacy.info
phentermine--online-leading-pharmacy.info
phentermine--satdelivery-leading-pharmacy.info
phentermine-15mg-leading-pharmacy.info
phentermine-24-hour-delivery-leading-pharmacy.info
phentermine-30-mg-leading-pharmacy.info
phentermine-30-mg-yellow-leading-pharmacy.info
phentermine-3095-leading-pharmacy.info
phentermine-30mg-leading-pharmacy.info
phentermine-37-5-diet-pill-blue-capsule--picture.info
phentermine-375--9900-leading-pharmacy.info
phentermine-375-90-leading-pharmacy.info
phentermine-375-best-price-comparison-leading-pharmacy.info
phentermine-375-cheapest-leading-pharmacy.info
phentermine-375-deals.com
phentermine-375-free-overnight-leading-pharmacy.info
phentermine-375-free-shipping-leading-pharmacy.info
phentermine-375-leading-pharmacy.info
phentermine-375-mg-leading-pharmacy.info
phentermine-375-mg-telecheck-leading-pharmacy.info
phentermine-375-no-prescription-leading-pharmacy.info
phentermine-375mg-leading-pharmacy.info
phentermine-375mg90-days-supply-leading-pharmacy.info
phentermine-6-pm-order-leading-pharmacy.info
phentermine-8-mg-where-to-buy-leading-pharmacy.info
phentermine-90-pills-leading-pharmacy.info
phentermine-addiction-leading-pharmacy.info
phentermine-addicts-leading-pharmacy.info
phentermine-airborne-express-cod-leading-pharmacy.info
phentermine-am-delivery-cod-leading-pharmacy.info
phentermine-and-375-and-cheap-leading-pharmacy.info
phentermine-and-375-and-online-and-overnight--delivery.info
phentermine-and-cod-and-leading-pharmacy.info
phentermine-and-discount-leading-pharmacy.info
phentermine-and-effexor-xr-taken-together-leading-pharmacy.info
phentermine-and-free-shipping-leading-pharmacy.info
phentermine-and-leading-pharmacy.info
phentermine-and-methamphetamine-leading-pharmacy.info
phentermine-and-online-pharmacies-leading-pharmacy.info
phentermine-and-pregnancy-leading-pharmacy.info
phentermine-and-prozac-together-leading-pharmacy.info
phentermine-and-sibutramine-be-combined-leading-pharmacy.info
phentermine-and-tips-leading-pharmacy.info
phentermine-and-weight-loss-leading-pharmacy.info
phentermine-appetite-suppressant-leading-pharmacy.info
phentermine-banner-leading-pharmacy.info
phentermine-buy-diet-pills-leading-pharmacy.info
phentermine-buy-leading-pharmacy.info
phentermine-buy-online-leading-pharmacy.info
phentermine-cash-on-delivery-leading-pharmacy.info
phentermine-causing-infertility-leading-pharmacy.info
phentermine-cheap-best-price-leading-pharmacy.info
phentermine-cheap-free-shipping-leading-pharmacy.info
phentermine-cheap-leading-pharmacy.info
phentermine-cheapest-leading-pharmacy.info
phentermine-cod-am-delivery-leading-pharmacy.info
phentermine-cod-check-leading-pharmacy.info
phentermine-cod-delivery-am-delivery-leading-pharmacy.info
phentermine-cod-delivery-leading-pharmacy.info
phentermine-cod-federal-express-leading-pharmacy.info
phentermine-cod-leading-pharmacy.info
phentermine-cod-online-leading-pharmacy.info
phentermine-cod-overnight-leading-pharmacy.info
phentermine-cod-shipping-leading-pharmacy.info
phentermine-cod-sold-in-fl-leading-pharmacy.info
phentermine-cod-ups-leading-pharmacy.info
phentermine-contact-leading-pharmacy.info
phentermine-dangers-leading-pharmacy.info
phentermine-depression-leading-pharmacy.info
phentermine-description-leading-pharmacy.info
phentermine-diet-pill-leading-pharmacy.info
phentermine-diet-pills-buy-duramine-leading-pharmacy.info
phentermine-diet-pills-cheap-leading-pharmacy.info
phentermine-diet-pills-cod-leading-pharmacy.info
phentermine-diet-pills-diet-pills-leading-pharmacy.info
phentermine-diet-pills-leading-pharmacy.info
phentermine-diet-pills-on-line-leading-pharmacy.info
phentermine-dietpills-leading-pharmacy.info
phentermine-directly-and-discreetly-adipex-leading-pharmacy.info
phentermine-discount-diet-pills-leading-pharmacy.info
phentermine-discount-leading-pharmacy.info
phentermine-drug-interaction-leading-pharmacy.info
phentermine-experts.com
phentermine-facts-leading-pharmacy.info
phentermine-fast-leading-pharmacy.info
phentermine-florida-leading-pharmacy.info
phentermine-florida-shipping-leading-pharmacy.info
phentermine-for-sale-in-virginia-leading-pharmacy.info
phentermine-for-sale-leading-pharmacy.info
phentermine-for-sale-to-virginia-residents-leading-pharmacy.info
phentermine-forum-leading-pharmacy.info
phentermine-free-consult-leading-pharmacy.info
phentermine-free-leading-pharmacy.info
phentermine-leading-pharmacy.info
phentermine-online-sale.net
phentermine-pharmacy-deals.com
phentermine-today.com
phentermine-top-deals.com
phentermine-use.com
phentermine375.net
phenterminefree-fedex-pharmacy-2003.info
phenterminefree-overnight-fedex-pharmacy-2003.info
phenterminehcl-pharmacy-2003.info
phentermineonline-pharmacy-2003.info
phentermineprescriptiononline-pharmacy-2003.info
phenterrmine-pharmacy-2003.info
phenthermine-pharmacy-2003.info
phentimine-fenermine-pharmacy-2003.info
phentrmine-pharmacy-2003.info
phrensy.org
platinum-card-4u.info
platinum-silver-card-4u.info
plavix-online-pharmacy.info
plavix-pharmacy.info
play-poker-top-casino.net
playandwin777.com
playandwin777.net
playandwinit121.net
playandwinit777.net
pocket-watches-deals.info
pocketsound.org
poker-121.com
poker-4u.net
poker-chips-top-casino.net
poker-game-top-casino.net
poker-games-top-ranked.com
poker-hands-secrets.com
poker-hands-top-casino.net
poker-online-anytime.com
poker-room-top-casino.net
poker-rule-top-casino.net
poker-rules-easy-4u.com
poker-star-top-casino.net
poker-table-top-casino.net
poker-tables-best-deals.com
poker-top-casino.net
poker-winner.net
poker-wsop-2005.com
poker121.net
poker2004.net
pokerkingdom.net
porn-dvd-top-shop.info
porno9.com
pravachol-online-pharmacy.info
pravachol-pharmacy.info
pregnancy-prevention-online-pharmacy.info
pregnancy-prevention-pharmacy.info
prempro-online-pharmacy.info
prempro-pharmacy.info
prepaid-silver-card-4u.info
prescription-acne-medication-online-pharmacy.info
prescription-acne-medication-pharmacy.info
prescription-drug-online-online-pharmacy.info
prescription-drug-online-pharmacy.info
prescription-drug-store-online-online-pharmacy.info
prescription-drug-store-online-pharmacy.info
prescription-drug-store-pharmacy.info
prevacid-online-pharmacy.info
prevacid-pharmacy.info
prilosec-online-pharmacy.info
prilosec-pharmacy.info
prilosec-top-pharmacy.net
prinivil-online-pharmacy.info
prinivil-pharmacy.info
progressive-auto-insurancedeals-4u.info
progressive-insurancedeals-4u.info
promethazine-online-pharmacy.info
promethazine-pharmacy.info
propranolol-online-pharmacy.info
propranolol-pharmacy.info
proscar-online-pharmacy.info
proscar-pharmacy.info
protonix-online-pharmacy.info
protonix-pharmacy.info
prozac-online-pharmacy.info
prozac-pharmacy.info
ps2cool.com
psychexams.org
purchase-online-2000.info
purchase-online-2001.info
purchase-online-2002.info
purchase-online-2003.info
purchase-online-2004.info
purchase-online-24x7.info
purchase-online-4u.info
purchase-online-4you.info
purchase-online-drugstore.info
purchase-online-medication.info
purchase-online-pharmacy.info
purchase-online-pills.info
purchase-online-prescription.info
purchase-online.info
purchase-phentermine-top-pharmacy.net
purchase-viagra-online-online-pharmacy.info
purchase-viagra-online-pharmacy.info
purchase-viagra-pharmacy.info
putter-e-course.info
putters-e-course.info
quit-smoking-online-pharmacy.info
quit-smoking-pharmacy.info
r07kalbe.com
ramipril-online-pharmacy.info
ramipril-pharmacy.info
ranitidine-online-pharmacy.info
ranitidine-pharmacy.info
reachcasino.com
redcentre.org
reduce-cholesterol-online-pharmacy.info
reduce-cholesterol-pharmacy.info
reductil-top-pharmacy.net
refinance-4u.info
refinancing-4u.info
registrarprice.com
remeron-online-pharmacy.info
remeron-pharmacy.info
renova-online-pharmacy.info
renova-pharmacy.info
rental-car-e-site.info
replica-watch-deal.info
replica-watch-deals.info
replica-watches-deal.info
replica-watches-deals.info
reservedining.org
rethyassociates.org
retin-a-top-pharmacy.net
retina-online-pharmacy.info
retina-pharmacy.info
rifp.org
rohkalby.net
royalmailhotel.com
running-shoes-e-shop.info
rx-online-online-pharmacy.info
rx-online-pharmacy.info
s-sites.net
samiuls.com
sandals-e-shop.info
sarafem-online-pharmacy.info
sarafem-pharmacy.info
sears-silver-card-4u.info
sedonaretreat.org
send-flower-leading-site.info
send-flowers-leading-site.info
seroquel-online-pharmacy.info
seroquel-pharmacy.info
seroquel-top-pharmacy.net
shoe-e-shop.info
shoes-e-shop.info
shop-online-site-2000.info
shop-online-site-2001.info
shop-online-site-2002.info
shop-online-site-2003.info
shop-online-site-2004.info
shop-online-site-24x7.info
shop-online-site-4u.info
shop-online-site-4you.info
shop-online-site-drugstore.info
shop-online-site-medication.info
shop-online-site-pharmacy.info
shop-online-site-pills.info
shop-online-site-prescription.info
shop-online-site.info
shop24x7.net
silver-card-4u.info
silver-card-credit-card-4u.info
single-e-site.info
singles-e-site.info
skelaxin-top-pharmacy.net
ski-e-mall.info
ski-equipment-e-mall.info
ski-gear-e-mall.info
ski-jacket-e-mall.info
ski-shop-e-mall.info
skiing-e-mall.info
skin-discoloration-online-pharmacy.info
skin-discoloration-pharmacy.info
sleep-aid-online-pharmacy.info
sleep-aid-pharmacy.info
sleep-aids-online-pharmacy.info
sleep-aids-pharmacy.info
sleeping-pill-online-pharmacy.info
sleeping-pill-pharmacy.info
sleeping-pills-online-pharmacy.info
sleeping-pills-pharmacy.info
smoking-cessation-online-pharmacy.info
smoking-cessation-pharmacy.info
sneakers-e-shop.info
snow-ski-e-mall.info
snowboard-boot-e-mall.info
snowboard-e-mall.info
snowboard-shop-e-mall.info
snowboards-e-mall.info
social-anxiety-disorder-medication-online-pharmacy.info
social-anxiety-disorder-medication-pharmacy.info
social-anxiety-disorder-treatment-online-pharmacy.info
social-anxiety-disorder-treatment-pharmacy.info
soma-top-pharmacy.net
spoodles.com
sportingcolors.org
stfc-isc.org
stmaryonline.org
stories-on-cd.org
strip-poker-top-casino.net
suttonjames.org
swiss-deals.info
swiss-top-watch-deals.info
swiss-watches-deals.info
taliesinfellows.org
tax-advisor-site.info
tax-forms-advisor.info
tax-planning-software-advisor.info
tax-preparation-fees-advisor.info
tax-preparation-online-advisor.info
tax-preparation-software-advisor.info
tax-professional-software-advisor.info
tax-software-advisor.info
tax-software-online-advisor.info
taxes-advisor.info
tclighting.org
teambeck.org
tecrep-inc.org
tenuate-online-pharmacy.info
tenuate-pharmacy.info
terazosin-online-pharmacy.info
terazosin-pharmacy.info
term-life-insurancedeals-4u.info
texas----holdem.com
texas-hold-em-4u.com
texas-hold-em-555.com
texas-hold-em-poker-top-casino.net
texas-hold-em-winner.net
texasholdem-4u.com
texasholdem777.net
texasholdemsite.net
texasproptax.com
thatwhichis.com
the-herbal-drug-store-online-pharmacy.info
the-herbal-drug-store-pharmacy.info
the-meridia-pharmacy.com
the-meridia-prescription.com
thorcarlson.com
tiazac-online-pharmacy.info
tiazac-pharmacy.info
tmsathai.org
top-bank-loan-student-4u.info
top-banks-silver-card-4u.info
top-brands-deals.info
top-card-credit-one-4u.info
top-credit-card-4u.info
top-deal-2000.info
top-deal-2001.info
top-deal-2002.info
top-deal-2003.info
top-deal-2004.info
top-deal-24x7.info
top-deal-4u.info
top-deal-4you.info
top-deal-drugstore.info
top-deal-medication.info
top-deal-pharmacy.info
top-deal-pills.info
top-deal-prescription.info
top-deal.info
top-deals-online-pharmacy.info
top-deals-site-2000.info
top-deals-site-2001.info
top-deals-site-2002.info
top-deals-site-2003.info
top-deals-site-2004.info
top-deals-site-24x7.info
top-deals-site-4u.info
top-deals-site-4you.info
top-deals-site-drugstore.info
top-deals-site-medication.info
top-deals-site-pharmacy.info
top-deals-site-pills.info
top-deals-site-prescription.info
top-deals-site.info
top-deals-viagra.info
top-digital-camera-esite.info
top-e-site.info
top-financial-4u.info
top-hotels-e-site.info
top-one-auto-finance-4u.info
top-one-card-4u.info
top-one-com-4u.info
top-one-credit-card-4u.info
top-one-online-4u.info
top-one-platinum-4u.info
top-one-silver-card-4u.info
top-online-card-4u.info
top-online-e-shop.info
top-purchase-2000.info
top-purchase-2001.info
top-purchase-2002.info
top-purchase-2003.info
top-purchase-2004.info
top-purchase-24x7.info
top-purchase-4u.info
top-purchase-4you.info
top-purchase-drugstore.info
top-purchase-medication.info
top-purchase-pharmacy.info
top-purchase-pills.info
top-purchase-prescription.info
top-purchase.info
top-replica-watches-deals.info
top-rooms-2005.com
top-shoes-e-shop.info
top-shop-online-2000.info
top-shop-online-2001.info
top-shop-online-2002.info
top-shop-online-2003.info
top-shop-online-2004.info
top-shop-online-24x7.info
top-shop-online-4u.info
top-shop-online-4you.info
top-shop-online-drugstore.info
top-shop-online-medication.info
top-shop-online-pharmacy.info
top-shop-online-pills.info
top-shop-online-prescription.info
top-shop-online.info
top-shop-site-2000.info
top-shop-site-2001.info
top-shop-site-2002.info
top-shop-site-2003.info
top-shop-site-2004.info
top-shop-site-24x7.info
top-shop-site-4u.info
top-shop-site-4you.info
top-shop-site-drugstore.info
top-shop-site-medication.info
top-shop-site-pharmacy.info
top-shop-site-pills.info
top-shop-site-prescription.info
top-shop-site.info
top-shopping-2000.info
top-shopping-2001.info
top-shopping-2002.info
top-shopping-2003.info
top-shopping-2004.info
top-shopping-24x7.info
top-shopping-4u.info
top-shopping-4you.info
top-shopping-drugstore.info
top-shopping-medication.info
top-shopping-pharmacy.info
top-shopping-pills.info
top-shopping-prescription.info
top-shopping.info
top-ski-e-mall.info
top-watches-deals.info
top-web-site-2000.info
top-web-site-2001.info
top-web-site-2002.info
top-web-site-2003.info
top-web-site-2004.info
top-web-site-24x7.info
top-web-site-4u.info
top-web-site-4you.info
top-web-site-drugstore.info
top-web-site-medication.info
top-web-site-pharmacy.info
top-web-site-pills.info
top-web-site-prescription.info
top-web-site.info
tramadol-24x7.net
tramadol-4u.net
tramadol-50-mg.net
tramadol-online-pharmacy.info
tramadol-pharmacy.info
tramadol-pills.net
tramadol-prescription-online-pharmacy.info
tramadol-prescription-pharmacy.info
tramadol90.net
tramadolsite.net
travel-e-site.info
travel-insurancedeals-4u.info
trazodone-online-pharmacy.info
trazodone-pharmacy.info
treatment-for-high-blood-pressure-online-pharmacy.info
treatment-for-high-blood-pressure-pharmacy.info
tretinoin-online-pharmacy.info
tretinoin-pharmacy.info
trimox-online-pharmacy.info
trimox-pharmacy.info
triphasil-online-pharmacy.info
triphasil-pharmacy.info
twinky.org
uaeecommerce.com
uk-virtual-office-solutions.com
ultracet-online-pharmacy.info
ultracet-pharmacy.info
ultram-online-pharmacy.info
ultram-pharmacy.info
ultram-prescription-online-pharmacy.info
ultram-prescription-pharmacy.info
ultram-top-pharmacy.net
underwater-camera-esite.info
universal-drug-store-online-pharmacy.info
universal-drug-store-pharmacy.info
unsecured-credit-card-4u.info
unsecured-credit-cards-4u.info
vacation-packages-e-site.info
valeofglamorganconservatives.org
valium-online-pharmacy.info
valium-pharmacy.info
valium-prescription-online-pharmacy.info
valium-prescription-pharmacy.info
valium-without-prescription-online-pharmacy.info
valium-without-prescription-pharmacy.info
valtrex-online-pharmacy.info
valtrex-pharmacy.info
vaniqa-online-pharmacy.info
vaniqa-pharmacy.info
viagra-100-deals.com
viagra-alternative-online-pharmacy.info
viagra-alternative-pharmacy.info
viagra-cost-online-pharmacy.info
viagra-cost-pharmacy.info
viagra-experts.com
viagra-for-woman-online-pharmacy.info
viagra-for-woman-pharmacy.info
viagra-in-the-water-cheapest-price.info
viagra-in-uk-cheapest-price.info
viagra-indication-cheapest-price.info
viagra-info-cheapest-price.info
viagra-information-cheapest-price.info
viagra-joke-cheapest-price.info
viagra-jokes-cheapest-price.info
viagra-levitra-cheapest-price.info
viagra-levitra-cialis-cheapest-price.info
viagra-liquid-generic-cheapest-price.info
viagra-logo-cheapest-price.info
viagra-london-cheapest-price.info
viagra-london-uk-cheapest-price.info
viagra-lowest-price-online-pharmacy.info
viagra-lowest-price-pharmacy.info
viagra-malecom-cheapest-price.info
viagra-manufacturer-cheapest-price.info
viagra-mars-sun-cheapest-price.info
viagra-meth-cheapest-price.info
viagra-mexico-cheapest-price.info
viagra-mp3-cheapest-price.info
viagra-n-more-cheapest-price.info
viagra-next-day-cheapest-price.info
viagra-no-prescription-cheapest-price.info
viagra-on-line-cheapest-price.info
viagra-on-line-female-orgasm-cheapest-price.info
viagra-online-best-pharmacy.info
viagra-online-cheap-cheapest-price.info
viagra-online-cheapest-price.info
viagra-online-consult-cheapest-price.info
viagra-online-pharmacy-cheapest-price.info
viagra-online-prescription-cheapest-price.info
viagra-or-cialis-prices-cheapest-price.info
viagra-order-by-phone-cheapest-price.info
viagra-overnight-cheapest-price.info
viagra-pens-cheapest-price.info
viagra-pharmacy-on-line-cheapest-price.info
viagra-photos-cheapest-price.info
viagra-picture-cheapest-price.info
viagra-pill-cutter-cheapest-price.info
viagra-pill-picture-cheapest-price.info
viagra-pill-splitter-cheapest-price.info
viagra-pills-cheapest-price.info
viagra-prescription-cheap-medicine-cheapest-price.info
viagra-prescription-cheapest-price.info
viagra-prescription-online-cheapest-price.info
viagra-prescription-online-online-pharmacy.info
viagra-prescription-online-pharmacy.info
viagra-prescription-pharmacy.info
viagra-price-cheapest-price.info
viagra-price-comparison-cheapest-price.info
viagra-price-online-pharmacy.info
viagra-price-pharmacy.info
viagra-prices-cheapest-price.info
viagra-pricing-cheapest-price.info
viagra-propecia-cheapest-price.info
viagra-pussy-cheapest-price.info
viagra-questions-cheapest-price.info
viagra-racing-cheapest-price.info
viagra-recreation-cheapest-price.info
viagra-recreation-use-cheapest-price.info
viagra-recreational-use-cheapest-price.info
viagra-results-cheapest-price.info
viagra-review-cheapest-price.info
viagra-sale-cheapest-price.info
viagra-sale-online-online-pharmacy.info
viagra-sale-online-pharmacy.info
viagra-sale-pharmacy.info
viagra-sales-cheapest-price.info
viagra-sales-online-cheapest-price.info
viagra-sales-online-pharmacy.info
viagra-sales-pharmacy.info
viagra-same-day-cheapest-price.info
viagra-sample-cheapest-price.info
viagra-samples-cheapest-price.info
viagra-san-jose-cheapest-price.info
viagra-sex-cheapest-price.info
viagra-sex-stories-cheapest-price.info
viagra-shabbat-cheapest-price.info
viagra-ship-us-affiliate-cheapest-price.info
viagra-side-affects-cheapest-price.info
viagra-side-effect-cheapest-price.info
viagra-side-effects-cheapest-price.info
viagra-sideeffects-cheapest-price.info
viagra-soft-tabs-cheapest-price.info
viagra-soft-tabs-next-day-cheapest-price.info
viagra-south-africa-cheapest-price.info
viagra-stock-cheapest-price.info
viagra-stories-cheapest-price.info
viagra-story-cheapest-price.info
viagra-substitute-cheapest-price.info
viagra-substitutes-cheapest-price.info
viagra-suppositories-cheapest-price.info
viagra-t-shirt-cheapest-price.info
viagra-tijuana-cheapest-price.info
viagra-top-pharmacy.info
viagra-trial-pack-cheapest-price.info
viagra-uk-cheapest-price.info
viagra-use.com
viagra-vs-cialis-cheapest-price.info
viagra-vs-levitra-cheapest-price.info
viagra-wallpaper-cheapest-price.info
viagra-without-a-prescription-cheapest-price.info
viagra-without-perscription-cheapest-price.info
viagra-without-prescription-cheapest-price.info
viagra-without-prescription-online-pharmacy.info
viagra-without-prescription-pharmacy.info
viagra-women-cheapest-price.info
viagra-yohimbecom-cheapest-price.info
viagra24x7.net
viagracardcom-cheapest-price.info
viagracom-cheapest-price.info
viagradoctor-cheapest-price.info
viagrafix-cheapest-price.info
viagraforimpotence-cheapest-price.info
viagraforwomen-cheapest-price.info
viagraindia-cheapest-price.info
viagrande-cheapest-price.info
viagrapills100.com
viagras-advertisement-cost-cheapest-price.info
viagras-competitors-cheapest-price.info
viagras-demand-cheapest-price.info
viagras-economy-cheapest-price.info
viagras-index-cheapest-price.info
viagras-target-demographics-cheapest-price.info
viagrasales-cheapest-price.info
viagrastarter-cheapest-price.info
viagrastartercom-cheapest-price.info
viagrauk-cheapest-price.info
viagrawomen-cheapest-price.info
viagrax-cheapest-price.info
video-camera-esite.info
video-poker-top-casino.net
vinhas.net
vintage-watces-4u.info
vioxx-top-pharmacy.net
vivalatinmag.com
vivlart.com
vpshs.com
vrajitor.com
vtsae.org
watch-canadas-viagra-commercial-online-cheapest-price.info
watch-deals.info
watch-replicas-deals.info
watches-deals.info
weight-loss-24x7.net
weight-loss-4me.net
weight-loss-diet-pill-top-pharmacy.net
weight-loss-diet-pills-top-pharmacy.net
weight-loss-pill-top-pharmacy.net
weight-loss-pills-4u.net
weight-loss-pills-top-pharmacy.net
weightloss-4me.net
weightloss2004.net
weightlossplace.net
wellbutrin-online-pharmacy.info
wellbutrin-pharmacy.info
wellbutrin-sr-online-pharmacy.info
wellbutrin-sr-pharmacy.info
wellbutrin-sr-top-pharmacy.net
wellbutrin-top-pharmacy.net
wellbutrin-xl-online-pharmacy.info
wellbutrin-xl-pharmacy.info
wellbutrin-xl-top-pharmacy.net
what-does-viagra-do-cheapest-price.info
what-is-viagra-cheapest-price.info
when-to-take-viagra-cheapest-price.info
where-can-i-buy-viagra-cheapest-price.info
where-to-buy-viagra-cheapest-price.info
where-to-buy-viagra-online-pharmacy.info
where-to-buy-viagra-pharmacy.info
where-to-purchase-viagra-cheapest-price.info
whiskey-cellar.info
wholesale-viagra-online-pharmacy.info
wholesale-viagra-pharmacy.info
win-2005.com
wine-basket-cellar.info
wine-e-cellar.info
wine-gift-basket-cellar.info
wine-gift-cellar.info
wines-cellar.info
winter-e-mall.info
womans-viagra-cheapest-price.info
women-and-viagra-cheapest-price.info
women-taking-viagra-cheapest-price.info
women-viagra-cheapest-price.info
womens-shoes-e-shop.info
womens-viagra-cheapest-price.info
womens-viagra-female-orgasm-cheapest-price.info
workfromhome-homebasedbusiness.com
world-poker-tour-1998.com
world-poker-tour-top-casino.net
world-series-of-poker-1996.com
world-series-of-poker-top-casino.net
worldwide-21.com
worldwide-90.com
worldwide-deal-2000.info
worldwide-deal-2001.info
worldwide-deal-2002.info
worldwide-deal-2003.info
worldwide-deal-2004.info
worldwide-deal-24x7.info
worldwide-deal-4u.info
worldwide-deal-4you.info
worldwide-deal-drugstore.info
worldwide-deal-medication.info
worldwide-deal-pharmacy.info
worldwide-deal-pills.info
worldwide-deal-prescription.info
worldwide-deal.info
worldwide-deals-2000.info
worldwide-deals-2001.info
worldwide-deals-2002.info
worldwide-deals-2003.info
worldwide-deals-2004.info
worldwide-deals-24x7.info
worldwide-deals-4u.info
worldwide-deals-4you.info
worldwide-deals-drugstore.info
worldwide-deals-medication.info
worldwide-deals-pharmacy.info
worldwide-deals-pills.info
worldwide-deals-prescription.info
worldwide-deals.info
worldwide-deals.net
worldwide-diet-pillsl.net
worldwide-em.com
worldwide-games.net
worldwide-holdem.com
worldwide-online-pharmacy.net
worldwide-poker.com
worldwide-sites.net
worldwide-tramadol.net
worldwide-weight-loss.net
wrinkle-cream-online-pharmacy.info
wrinkle-cream-pharmacy.info
wrinkle-treatment-online-pharmacy.info
wrinkle-treatment-pharmacy.info
wristwatch-deals.info
ws-op.com
wslp24.com
wwwhalf-price-viagracom-cheapest-price.info
xanax-top-pharmacy.net
xenical-online-top-pharmacy.net
xenical-top-pharmacy.net
yasmin-top-pharmacy.net
yeast-infection-cure-online-pharmacy.info
yeast-infection-cure-pharmacy.info
yeast-infection-treatment-online-pharmacy.info
yeast-infection-treatment-pharmacy.info
yelucie.com
zanaflex-top-pharmacy.net
zantac-online-pharmacy.info
zantac-pharmacy.info
zestril-online-pharmacy.info
zestril-pharmacy.info
zindagi.us
zithromax-online-pharmacy.info
zithromax-pharmacy.info
zocor-top-pharmacy.net
zoloft-online-pharmacy.info
zoloft-pharmacy.info
zoloft-top-pharmacy.net
zolpidem-online-pharmacy.info
zolpidem-pharmacy.info
zovirax-online-pharmacy.info
zovirax-pharmacy.info
zyprexa-online-pharmacy.info
zyprexa-pharmacy.info
zyprexa-top-pharmacy.net
zyrtec-d-online-pharmacy.info
zyrtec-d-pharmacy.info
zyrtec-top-pharmacy.net
﻿0-apr-card-credit-4u.info
